// Jest Snapshot v1, https://goo.gl/fbAQLP

exports[`landing component snapshot with Enzyme 1`] = `
<WithStyles(ForwardRef(Container))
  className="container"
  maxWidth="sm"
>
  <Header />
  <MainContent />
  <h3>
    Want to build your own MYtinerary?
  </h3>
  <Links />
  <BottomNav />
</WithStyles(ForwardRef(Container))>
`;
